ARM Linker, 5.03 [Build 76] [MDK-ARM Professional]

==============================================================================

Section Cross References

    cfal96x64x16.o(i.CFAL96x64x16Init) refers to cfal96x64x16.o(i.CFAL96x64x16WriteCommand) for CFAL96x64x16WriteCommand
    cfal96x64x16.o(i.CFAL96x64x16Init) refers to cfal96x64x16.o(i.CFAL96x64x16RectFill) for CFAL96x64x16RectFill
    cfal96x64x16.o(i.CFAL96x64x16Init) refers to cfal96x64x16.o(.data) for g_ui8DisplayInitCommands
    cfal96x64x16.o(i.CFAL96x64x16LineDrawH) refers to cfal96x64x16.o(i.CFAL96x64x16WriteCommand) for CFAL96x64x16WriteCommand
    cfal96x64x16.o(i.CFAL96x64x16LineDrawH) refers to cfal96x64x16.o(i.CFAL96x64x16WriteData) for CFAL96x64x16WriteData
    cfal96x64x16.o(i.CFAL96x64x16LineDrawV) refers to cfal96x64x16.o(i.CFAL96x64x16WriteCommand) for CFAL96x64x16WriteCommand
    cfal96x64x16.o(i.CFAL96x64x16LineDrawV) refers to cfal96x64x16.o(i.CFAL96x64x16WriteData) for CFAL96x64x16WriteData
    cfal96x64x16.o(i.CFAL96x64x16PixelDraw) refers to cfal96x64x16.o(i.CFAL96x64x16WriteCommand) for CFAL96x64x16WriteCommand
    cfal96x64x16.o(i.CFAL96x64x16PixelDraw) refers to cfal96x64x16.o(i.CFAL96x64x16WriteData) for CFAL96x64x16WriteData
    cfal96x64x16.o(i.CFAL96x64x16PixelDrawMultiple) refers to cfal96x64x16.o(i.CFAL96x64x16WriteCommand) for CFAL96x64x16WriteCommand
    cfal96x64x16.o(i.CFAL96x64x16PixelDrawMultiple) refers to cfal96x64x16.o(i.CFAL96x64x16WriteData) for CFAL96x64x16WriteData
    cfal96x64x16.o(i.CFAL96x64x16RectFill) refers to cfal96x64x16.o(i.CFAL96x64x16LineDrawH) for CFAL96x64x16LineDrawH
    cfal96x64x16.o(.constdata) refers to cfal96x64x16.o(i.CFAL96x64x16PixelDraw) for CFAL96x64x16PixelDraw
    cfal96x64x16.o(.constdata) refers to cfal96x64x16.o(i.CFAL96x64x16PixelDrawMultiple) for CFAL96x64x16PixelDrawMultiple
    cfal96x64x16.o(.constdata) refers to cfal96x64x16.o(i.CFAL96x64x16LineDrawH) for CFAL96x64x16LineDrawH
    cfal96x64x16.o(.constdata) refers to cfal96x64x16.o(i.CFAL96x64x16LineDrawV) for CFAL96x64x16LineDrawV
    cfal96x64x16.o(.constdata) refers to cfal96x64x16.o(i.CFAL96x64x16RectFill) for CFAL96x64x16RectFill
    cfal96x64x16.o(.constdata) refers to cfal96x64x16.o(i.CFAL96x64x16ColorTranslate) for CFAL96x64x16ColorTranslate
    cfal96x64x16.o(.constdata) refers to cfal96x64x16.o(i.CFAL96x64x16Flush) for CFAL96x64x16Flush
    startup_rvmdk.o(RESET) refers to startup_rvmdk.o(STACK) for StackMem
    startup_rvmdk.o(RESET) refers to scheduler.o(i.SchedulerSysTickIntHandler) for SchedulerSysTickIntHandler
    startup_rvmdk.o(RESET) refers to uartconfiguration.o(i.UART0IntHandler) for UART0IntHandler
    startup_rvmdk.o(RESET) refers to uartconfiguration.o(i.UART1IntHandler) for UART1IntHandler
    startup_rvmdk.o(RESET) refers to main.o(i.WatchdogIntHandler) for WatchdogIntHandler
    startup_rvmdk.o(RESET) refers to gsm_fona808.o(i.TIMER0A_Handler) for TIMER0A_Handler
    startup_rvmdk.o(RESET) refers to gsm_fona808.o(i.PortHIntHandler) for PortHIntHandler
    startup_rvmdk.o(RESET) refers to main.o(i.WTimer0IntHandler) for WTimer0IntHandler
    startup_rvmdk.o(RESET) refers to entry.o(.ARM.Collect$$$$00000000) for __main
    main.o(i.GPSWork) refers to gps_fona.o(i.GPSPower) for GPSPower
    main.o(i.GPSWork) refers to gps_fona.o(i.GPSFix) for GPSFix
    main.o(i.GPSWork) refers to gps_fona.o(i.GPSGetData) for GPSGetData
    main.o(i.GPSWork) refers to main.o(i.composeDataMsg) for composeDataMsg
    main.o(i.GPSWork) refers to main.o(i.composeMessage) for composeMessage
    main.o(i.GPSWork) refers to ustdlib.o(i.usprintf) for usprintf
    main.o(i.GPSWork) refers to strfunc.o(i.stringLength) for stringLength
    main.o(i.GPSWork) refers to uartconfiguration.o(i.UARTSend) for UARTSend
    main.o(i.GPSWork) refers to sd_card.o(i.logData) for logData
    main.o(i.GPSWork) refers to main.o(.bss) for sFlag
    main.o(i.GSMWork) refers to gsm_fona808.o(i.GSMFullFunc) for GSMFullFunc
    main.o(i.GSMWork) refers to gsm_fona808.o(i.SimCardDetect) for SimCardDetect
    main.o(i.GSMWork) refers to gsm_fona808.o(i.GSMNetworkReg) for GSMNetworkReg
    main.o(i.GSMWork) refers to gsm_fona808.o(i.GSMSignalQlty) for GSMSignalQlty
    main.o(i.GSMWork) refers to gsm_fona808.o(i.sendSMS) for sendSMS
    main.o(i.GSMWork) refers to ustdlib.o(i.usprintf) for usprintf
    main.o(i.GSMWork) refers to strfunc.o(i.stringLength) for stringLength
    main.o(i.GSMWork) refers to uartconfiguration.o(i.UARTSend) for UARTSend
    main.o(i.GSMWork) refers to sd_card.o(i.logData) for logData
    main.o(i.GSMWork) refers to gsm_fona808.o(i.sendDataMsg) for sendDataMsg
    main.o(i.GSMWork) refers to gsm_fona808.o(i.GSMMinFunc) for GSMMinFunc
    main.o(i.GSMWork) refers to main.o(.bss) for sFlag
    main.o(i.GSMWork) refers to gsm_fona808.o(.constdata) for GSMStats
    main.o(i.WTimer0IntHandler) refers to ustdlib.o(i.usprintf) for usprintf
    main.o(i.WTimer0IntHandler) refers to strfunc.o(i.stringLength) for stringLength
[...]
    i.disk_initialize                        0x00005e68   Section        0  mmc-dk-tm4c123g.o(i.disk_initialize)
    i.disk_ioctl                             0x00005fd4   Section        0  mmc-dk-tm4c123g.o(i.disk_ioctl)
    i.disk_read                              0x0000617c   Section        0  mmc-dk-tm4c123g.o(i.disk_read)
    i.disk_status                            0x00006214   Section        0  mmc-dk-tm4c123g.o(i.disk_status)
    i.disk_timerproc                         0x00006228   Section        0  mmc-dk-tm4c123g.o(i.disk_timerproc)
    i.disk_write                             0x00006254   Section        0  mmc-dk-tm4c123g.o(i.disk_write)
    i.dispClear                              0x00006318   Section        0  main.o(i.dispClear)
    i.dispTitle                              0x00006370   Section        0  main.o(i.dispTitle)
    i.dispUpdate                             0x0000642c   Section        0  main.o(i.dispUpdate)
    i.displayInit                            0x00007064   Section        0  main.o(i.displayInit)
    i.f_close                                0x00007080   Section        0  ff.o(i.f_close)
    i.f_getfree                              0x00007096   Section        0  ff.o(i.f_getfree)
    i.f_lseek                                0x0000719a   Section        0  ff.o(i.f_lseek)
    i.f_mkdir                                0x00007348   Section        0  ff.o(i.f_mkdir)
    i.f_mount                                0x000074b0   Section        0  ff.o(i.f_mount)
    i.f_open                                 0x000074dc   Section        0  ff.o(i.f_open)
    i.f_opendir                              0x00007640   Section        0  ff.o(i.f_opendir)
    i.f_read                                 0x000076b8   Section        0  ff.o(i.f_read)
    i.f_readdir                              0x00007884   Section        0  ff.o(i.f_readdir)
    i.f_sync                                 0x000078e4   Section        0  ff.o(i.f_sync)
    i.f_write                                0x00007992   Section        0  ff.o(i.f_write)
    i.ff_convert                             0x00007b9c   Section        0  cc932.o(i.ff_convert)
    i.ff_wtoupper                            0x00007c38   Section        0  cc932.o(i.ff_wtoupper)
    i.fit_lfn                                0x00007c70   Section        0  ff.o(i.fit_lfn)
    fit_lfn                                  0x00007c71   Thumb Code   122  ff.o(i.fit_lfn)
    i.flagsSet                               0x00007cf0   Section        0  main.o(i.flagsSet)
    i.float2str                              0x00007d94   Section        0  strfunc.o(i.float2str)
    i.follow_path                            0x00007f04   Section        0  ff.o(i.follow_path)
    follow_path                              0x00007f05   Thumb Code   146  ff.o(i.follow_path)
    i.fuseDataGPS                            0x00007f96   Section        0  gps_fona.o(i.fuseDataGPS)
    i.gen_numname                            0x00008004   Section        0  ff.o(i.gen_numname)
    i.getBatstat                             0x000080d0   Section        0  gsm_fona808.o(i.getBatstat)
    i.getGPSFix                              0x000081b0   Section        0  gps_fona.o(i.getGPSFix)
    i.getGSMFunc                             0x00008290   Section        0  gsm_fona808.o(i.getGSMFunc)
    i.getGSMNetworkReg                       0x000082e8   Section        0  gsm_fona808.o(i.getGSMNetworkReg)
    i.getGSMSignalQlty                       0x0000833c   Section        0  gsm_fona808.o(i.getGSMSignalQlty)
    i.getTime                                0x0000838c   Section        0  main.o(i.getTime)
    i.get_fat                                0x00008490   Section        0  ff.o(i.get_fat)
    i.get_fattime                            0x00008574   Section        0  mmc-dk-tm4c123g.o(i.get_fattime)
    i.get_fileinfo                           0x0000857c   Section        0  ff.o(i.get_fileinfo)
    get_fileinfo                             0x0000857d   Thumb Code   316  ff.o(i.get_fileinfo)
    i.isGSMOn                                0x000086b8   Section        0  gsm_fona808.o(i.isGSMOn)
    i.ld_clust                               0x000086f8   Section        0  ff.o(i.ld_clust)
    ld_clust                                 0x000086f9   Thumb Code    32  ff.o(i.ld_clust)
    i.logData                                0x00008718   Section        0  sd_card.o(i.logData)
    i.main                                   0x000087e0   Section        0  main.o(i.main)
    i.mem_cmp                                0x00008930   Section        0  ff.o(i.mem_cmp)
    mem_cmp                                  0x00008931   Thumb Code    38  ff.o(i.mem_cmp)
    i.mem_cpy                                0x00008956   Section        0  ff.o(i.mem_cpy)
    mem_cpy                                  0x00008957   Thumb Code    26  ff.o(i.mem_cpy)
    i.mem_set                                0x00008970   Section        0  ff.o(i.mem_set)
    mem_set                                  0x00008971   Thumb Code    20  ff.o(i.mem_set)
    i.move_window                            0x00008984   Section        0  ff.o(i.move_window)
    move_window                              0x00008985   Thumb Code    50  ff.o(i.move_window)
    i.openFile                               0x000089b8   Section        0  sd_card.o(i.openFile)
    i.parseDataGPS                           0x00008a10   Section        0  gps_fona.o(i.parseDataGPS)
    i.pick_lfn                               0x00008a70   Section        0  ff.o(i.pick_lfn)
    pick_lfn                                 0x00008a71   Thumb Code   112  ff.o(i.pick_lfn)
    i.power_off                              0x00008ae4   Section        0  mmc-dk-tm4c123g.o(i.power_off)
    power_off                                0x00008ae5   Thumb Code     8  mmc-dk-tm4c123g.o(i.power_off)
    i.power_on                               0x00008af0   Section        0  mmc-dk-tm4c123g.o(i.power_on)
    power_on                                 0x00008af1   Thumb Code   158  mmc-dk-tm4c123g.o(i.power_on)
    i.put_fat                                0x00008ba4   Section        0  ff.o(i.put_fat)
    i.rcvr_datablock                         0x00008ce0   Section        0  mmc-dk-tm4c123g.o(i.rcvr_datablock)
    rcvr_datablock                           0x00008ce1   Thumb Code    76  mmc-dk-tm4c123g.o(i.rcvr_datablock)
    i.rcvr_spi                               0x00008d30   Section        0  mmc-dk-tm4c123g.o(i.rcvr_spi)
    rcvr_spi                                 0x00008d31   Thumb Code    36  mmc-dk-tm4c123g.o(i.rcvr_spi)
    i.rcvr_spi_m                             0x00008d58   Section        0  mmc-dk-tm4c123g.o(i.rcvr_spi_m)
    rcvr_spi_m                               0x00008d59   Thumb Code    12  mmc-dk-tm4c123g.o(i.rcvr_spi_m)
    i.removeInArray                          0x00008d64   Section        0  strfunc.o(i.removeInArray)
    i.remove_chain                           0x00008d8a   Section        0  ff.o(i.remove_chain)
    remove_chain                             0x00008d8b   Thumb Code   104  ff.o(i.remove_chain)
    i.responseRead                           0x00008df4   Section        0  uartconfiguration.o(i.responseRead)
    i.sdCard                                 0x00008e30   Section        0  sd_card.o(i.sdCard)
    i.sdInit                                 0x00008f4c   Section        0  sd_card.o(i.sdInit)
    i.sendDataCommands                       0x0000925c   Section        0  gsm_fona808.o(i.sendDataCommands)
    i.sendDataMsg                            0x00009730   Section        0  gsm_fona808.o(i.sendDataMsg)
    i.sendSMS                                0x0000984c   Section        0  gsm_fona808.o(i.sendSMS)
    i.send_cmd                               0x000099c8   Section        0  mmc-dk-tm4c123g.o(i.send_cmd)
    send_cmd                                 0x000099c9   Thumb Code   112  mmc-dk-tm4c123g.o(i.send_cmd)
    i.send_cmd12                             0x00009a38   Section        0  mmc-dk-tm4c123g.o(i.send_cmd12)
    send_cmd12                               0x00009a39   Thumb Code    66  mmc-dk-tm4c123g.o(i.send_cmd12)
    i.send_initial_clock_train               0x00009a7c   Section        0  mmc-dk-tm4c123g.o(i.send_initial_clock_train)
    send_initial_clock_train                 0x00009a7d   Thumb Code    96  mmc-dk-tm4c123g.o(i.send_initial_clock_train)
    i.set_max_speed                          0x00009ae0   Section        0  mmc-dk-tm4c123g.o(i.set_max_speed)
    set_max_speed                            0x00009ae1   Thumb Code    82  mmc-dk-tm4c123g.o(i.set_max_speed)
    i.simCardDetectOneTry                    0x00009b3c   Section        0  gsm_fona808.o(i.simCardDetectOneTry)
    i.st_clust                               0x00009b8c   Section        0  ff.o(i.st_clust)
    st_clust                                 0x00009b8d   Thumb Code    16  ff.o(i.st_clust)
    i.string2float                           0x00009b9c   Section        0  strfunc.o(i.string2float)
    i.stringAppend                           0x00009c30   Section        0  strfunc.o(i.stringAppend)
    i.stringLength                           0x00009c56   Section        0  strfunc.o(i.stringLength)
    i.sum_sfn                                0x00009c66   Section        0  ff.o(i.sum_sfn)
    sum_sfn                                  0x00009c67   Thumb Code    32  ff.o(i.sum_sfn)
    i.sync_fs                                0x00009c86   Section        0  ff.o(i.sync_fs)
    sync_fs                                  0x00009c87   Thumb Code   200  ff.o(i.sync_fs)
    i.sync_window                            0x00009d4e   Section        0  ff.o(i.sync_window)
    sync_window                              0x00009d4f   Thumb Code    82  ff.o(i.sync_window)
    i.truncate                               0x00009da0   Section        0  strfunc.o(i.truncate)
    i.ucmptime                               0x00009de8   Section        0  ustdlib.o(i.ucmptime)
    ucmptime                                 0x00009de9   Thumb Code   162  ustdlib.o(i.ucmptime)
    i.ulocaltime                             0x00009e8c   Section        0  ustdlib.o(i.ulocaltime)
    i.umktime                                0x00009f38   Section        0  ustdlib.o(i.umktime)
    i.usprintf                               0x00009f8c   Section        0  ustdlib.o(i.usprintf)
    i.ustrcmp                                0x00009fb2   Section        0  ustdlib.o(i.ustrcmp)
    i.ustrlen                                0x00009fc6   Section        0  ustdlib.o(i.ustrlen)
    i.ustrncmp                               0x00009fd6   Section        0  ustdlib.o(i.ustrncmp)
    i.ustrncpy                               0x0000a010   Section        0  ustdlib.o(i.ustrncpy)
    i.ustrstr                                0x0000a03a   Section        0  ustdlib.o(i.ustrstr)
    i.ustrtof                                0x0000a068   Section        0  ustdlib.o(i.ustrtof)
    i.uvsnprintf                             0x0000a268   Section        0  ustdlib.o(i.uvsnprintf)
    i.validate                               0x0000a52c   Section        0  ff.o(i.validate)
    validate                                 0x0000a52d   Thumb Code    54  ff.o(i.validate)
    i.waitAndCheckResp                       0x0000a564   Section        0  gsm_fona808.o(i.waitAndCheckResp)
    i.waitForUART1                           0x0000a5ac   Section        0  gsm_fona808.o(i.waitForUART1)
    i.wait_ready                             0x0000a5e0   Section        0  mmc-dk-tm4c123g.o(i.wait_ready)
    wait_ready                               0x0000a5e1   Thumb Code    36  mmc-dk-tm4c123g.o(i.wait_ready)
    i.writeToFile                            0x0000a608   Section        0  sd_card.o(i.writeToFile)
    i.xmit_datablock                         0x0000a640   Section        0  mmc-dk-tm4c123g.o(i.xmit_datablock)
    xmit_datablock                           0x0000a641   Thumb Code    94  mmc-dk-tm4c123g.o(i.xmit_datablock)
    i.xmit_spi                               0x0000a6a0   Section        0  mmc-dk-tm4c123g.o(i.xmit_spi)
    xmit_spi                                 0x0000a6a1   Thumb Code    34  mmc-dk-tm4c123g.o(i.xmit_spi)
    .constdata                               0x0000a6c8   Section       40  cfal96x64x16.o(.constdata)
    .constdata                               0x0000a6f0   Section     4160  main.o(.constdata)
    .constdata                               0x0000b730   Section      372  gsm_fona808.o(.constdata)
    .constdata                               0x0000b8a4   Section       76  ustdlib.o(.constdata)
    g_pcHex                                  0x0000b8a4   Data           4  ustdlib.o(.constdata)
    g_psDaysToMonth                          0x0000b8a8   Data          48  ustdlib.o(.constdata)
    g_pfExponents                            0x0000b8d8   Data          24  ustdlib.o(.constdata)
    .constdata                               0x0000b8f0   Section        8  gps_fona.o(.constdata)
    .constdata                               0x0000b8f8   Section       13  ff.o(.constdata)
    LfnOfs                                   0x0000b8f8   Data          13  ff.o(.constdata)
    .constdata                               0x0000b906   Section    30520  cc932.o(.constdata)
    uni2sjis                                 0x0000b906   Data       29560  cc932.o(.constdata)
    tbl_lower                                0x00012c7e   Data         480  cc932.o(.constdata)
    tbl_upper                                0x00012e5e   Data         480  cc932.o(.constdata)
    .constdata                               0x00013040   Section       28  uartstdio.o(.constdata)
    g_pcHex                                  0x00013040   Data           4  uartstdio.o(.constdata)
    g_ui32UARTBase                           0x00013044   Data          12  uartstdio.o(.constdata)
    g_ui32UARTPeriph                         0x00013050   Data          12  uartstdio.o(.constdata)
    .constdata                               0x0001305c   Section      268  interrupt.o(.constdata)
    g_pui32Priority                          0x0001305c   Data          32  interrupt.o(.constdata)
    g_pui32Regs                              0x0001307c   Data         156  interrupt.o(.constdata)
    g_pui32EnRegs                            0x00013118   Data          20  interrupt.o(.constdata)
    g_pui32Dii16Regs                         0x0001312c   Data          20  interrupt.o(.constdata)
    g_pui32PendRegs                          0x00013140   Data          20  interrupt.o(.constdata)
    g_pui32UnpendRegs                        0x00013154   Data          20  interrupt.o(.constdata)
    .constdata                               0x00013168   Section      460  sysctl.o(.constdata)
    g_pui32VCOFrequencies                    0x00013168   Data           8  sysctl.o(.constdata)
    g_pui32Xtals                             0x00013170   Data         108  sysctl.o(.constdata)
    g_pppui32XTALtoVCO                       0x000131dc   Data         288  sysctl.o(.constdata)
    g_sXTALtoMEMTIM                          0x000132fc   Data          56  sysctl.o(.constdata)
    .constdata                               0x00013334   Section       16  context.o(.constdata)
    .constdata                               0x00013344   Section      760  fontfixed6x8.o(.constdata)
    g_pui8FontFixed6x8Data                   0x00013344   Data         760  fontfixed6x8.o(.constdata)
    .constdata                               0x0001363c   Section      200  fontfixed6x8.o(.constdata)
    .constdata                               0x00013704   Section      129  ctype_o.o(.constdata)
    .constdata                               0x00013788   Section        4  ctype_o.o(.constdata)
    table                                    0x00013788   Data           4  ctype_o.o(.constdata)
    .conststring                             0x0001378c   Section       17  ustdlib.o(.conststring)
    .conststring                             0x0001379d   Section      506  sd_card.o(.conststring)
    .data                                    0x20000000   Section       19  cfal96x64x16.o(.data)
    g_ui8DisplayInitCommands                 0x20000000   Data          19  cfal96x64x16.o(.data)
    .data                                    0x20000018   Section      104  main.o(.data)
    bSelectPressed                           0x2000001d   Data           1  main.o(.data)
    ui64time                                 0x20000078   Data           8  main.o(.data)
    .data                                    0x20000080   Section        3  buttons.o(.data)
    g_ui8ButtonStates                        0x20000080   Data           1  buttons.o(.data)
    ui8SwitchClockA                          0x20000081   Data           1  buttons.o(.data)
    ui8SwitchClockB                          0x20000082   Data           1  buttons.o(.data)
    .data                                    0x20000084   Section      356  gsm_fona808.o(.data)
    counterForInit                           0x200001e4   Data           4  gsm_fona808.o(.data)
    .data                                    0x200001e8   Section       10  uartconfiguration.o(.data)
    .data                                    0x200001f4   Section        4  scheduler.o(.data)
    g_ui32SchedulerTickCount                 0x200001f4   Data           4  scheduler.o(.data)
    .data                                    0x200001f8   Section        8  gps_fona.o(.data)
    .data                                    0x20000200   Section        5  mmc-dk-tm4c123g.o(.data)
    Stat                                     0x20000200   Data           1  mmc-dk-tm4c123g.o(.data)
    PowerFlag                                0x20000201   Data           1  mmc-dk-tm4c123g.o(.data)
    Timer1                                   0x20000202   Data           1  mmc-dk-tm4c123g.o(.data)
    Timer2                                   0x20000203   Data           1  mmc-dk-tm4c123g.o(.data)
    CardType                                 0x20000204   Data           1  mmc-dk-tm4c123g.o(.data)
    .data                                    0x20000208   Section        6  ff.o(.data)
    FatFs                                    0x20000208   Data           4  ff.o(.data)
    Fsid                                     0x2000020c   Data           2  ff.o(.data)
    .data                                    0x20000210   Section        5  uartstdio.o(.data)
    g_ui32Base                               0x20000210   Data           4  uartstdio.o(.data)
    bLastWasCR                               0x20000214   Data           1  uartstdio.o(.data)
    .data                                    0x20000218   Section      432  sd_card.o(.data)
    g_pcCwdBuf                               0x2000021b   Data          80  sd_card.o(.data)
    .data                                    0x200003c8   Section        4  context.o(.data)
    g_psGrLibDefaults                        0x200003c8   Data           4  context.o(.data)
    .data                                    0x200003cc   Section        4  errno.o(.data)
    _errno                                   0x200003cc   Data           4  errno.o(.data)
    .bss                                     0x200003d0   Section      594  main.o(.bss)
    .bss                                     0x20000624   Section       76  gsm_fona808.o(.bss)
    .bss                                     0x20000670   Section      256  uartconfiguration.o(.bss)
    .bss                                     0x20000770   Section      223  gps_fona.o(.bss)
    .bss                                     0x20000850   Section      512  ff.o(.bss)
    LfnBuf                                   0x20000850   Data         512  ff.o(.bss)
    .bss                                     0x20000a50   Section       36  cmdline.o(.bss)
    g_ppcArgv                                0x20000a50   Data          36  cmdline.o(.bss)
    .bss                                     0x20000a74   Section     2840  sd_card.o(.bss)
    g_pcTmpBuf                               0x20001060   Data          80  sd_card.o(.bss)
    g_pcCmdBuf                               0x200010b0   Data          64  sd_card.o(.bss)
    g_sFatFs                                 0x200010f0   Data         564  sd_card.o(.bss)
    g_sDirObject                             0x20001324   Data          36  sd_card.o(.bss)
    g_sFileInfo                              0x20001348   Data          32  sd_card.o(.bss)
    g_sFileObject                            0x20001368   Data         548  sd_card.o(.bss)
    .bss                                     0x2000158c   Section       32  image.o(.bss)
    g_pui8Dictionary                         0x2000158c   Data          32  image.o(.bss)
    STACK                                    0x200015b0   Section     8192  startup_rvmdk.o(STACK)
    StackMem                                 0x200015b0   Data           0  startup_rvmdk.o(STACK)

    Global Symbols

    Symbol Name                              Value     Ov Type        Size  Object(Section)

    BuildAttributes$$THM_ISAv4$E$P$D$K$B$S$7EM$VFPi3$EXTD16$VFPS$VFMA$PE$A:L22UL41UL21$X:L11$S22US41US21$IEEE1$IW$USESV6$~STKCKD$USESV7$~SHL$OTIME$ROPI$IEEEX$EBA8$MICROLIB$REQ8$PRES8$EABIv2 0x00000000   Number         0  anon$$obj.o ABSOLUTE
    __ARM_use_no_argv                        0x00000000   Number         0  main.o ABSOLUTE
    __Vectors                                0x00000000   Data           0  startup_rvmdk.o(RESET)
    _printf_a                                0x00000000   Number         0  stubs.o ABSOLUTE
    _printf_c                                0x00000000   Number         0  stubs.o ABSOLUTE
    _printf_charcount                        0x00000000   Number         0  stubs.o ABSOLUTE
    _printf_d                                0x00000000   Number         0  stubs.o ABSOLUTE
    _printf_e                                0x00000000   Number         0  stubs.o ABSOLUTE
    _printf_f                                0x00000000   Number         0  stubs.o ABSOLUTE
    _printf_flags                            0x00000000   Number         0  stubs.o ABSOLUTE
    _printf_fp_dec                           0x00000000   Number         0  stubs.o ABSOLUTE
    _printf_fp_hex                           0x00000000   Number         0  stubs.o ABSOLUTE
    _printf_g                                0x00000000   Number         0  stubs.o ABSOLUTE
    _printf_i                                0x00000000   Number         0  stubs.o ABSOLUTE
    _printf_int_dec                          0x00000000   Number         0  stubs.o ABSOLUTE
    _printf_l                                0x00000000   Number         0  stubs.o ABSOLUTE
    _printf_lc                               0x00000000   Number         0  stubs.o ABSOLUTE
    _printf_ll                               0x00000000   Number         0  stubs.o ABSOLUTE
    _printf_lld                              0x00000000   Number         0  stubs.o ABSOLUTE
    _printf_lli                              0x00000000   Number         0  stubs.o ABSOLUTE
    _printf_llo                              0x00000000   Number         0  stubs.o ABSOLUTE
    _printf_llu                              0x00000000   Number         0  stubs.o ABSOLUTE
    _printf_llx                              0x00000000   Number         0  stubs.o ABSOLUTE
    _printf_longlong_dec                     0x00000000   Number         0  stubs.o ABSOLUTE
    _printf_longlong_hex                     0x00000000   Number         0  stubs.o ABSOLUTE
    _printf_longlong_oct                     0x00000000   Number         0  stubs.o ABSOLUTE
    _printf_ls                               0x00000000   Number         0  stubs.o ABSOLUTE
    _printf_mbtowc                           0x00000000   Number         0  stubs.o ABSOLUTE
    _printf_n                                0x00000000   Number         0  stubs.o ABSOLUTE
    _printf_o                                0x00000000   Number         0  stubs.o ABSOLUTE
    _printf_p                                0x00000000   Number         0  stubs.o ABSOLUTE
    _printf_percent                          0x00000000   Number         0  stubs.o ABSOLUTE
    _printf_pre_padding                      0x00000000   Number         0  stubs.o ABSOLUTE
    _printf_return_value                     0x00000000   Number         0  stubs.o ABSOLUTE
    _printf_s                                0x00000000   Number         0  stubs.o ABSOLUTE
    _printf_sizespec                         0x00000000   Number         0  stubs.o ABSOLUTE
    _printf_str                              0x00000000   Number         0  stubs.o ABSOLUTE
    _printf_truncate_signed                  0x00000000   Number         0  stubs.o ABSOLUTE
    _printf_truncate_unsigned                0x00000000   Number         0  stubs.o ABSOLUTE
    _printf_u                                0x00000000   Number         0  stubs.o ABSOLUTE
    _printf_wc                               0x00000000   Number         0  stubs.o ABSOLUTE
    _printf_wctomb                           0x00000000   Number         0  stubs.o ABSOLUTE
    _printf_widthprec                        0x00000000   Number         0  stubs.o ABSOLUTE
    _printf_x                                0x00000000   Number         0  stubs.o ABSOLUTE
    __cpp_initialize__aeabi_                  - Undefined Weak Reference
    __cxa_finalize                            - Undefined Weak Reference
    _clock_init                               - Undefined Weak Reference
    _microlib_exit                            - Undefined Weak Reference
    Reset_Handler                            0x0000026d   Thumb Code     0  startup_rvmdk.o(RESET)
    __main                                   0x00000289   Thumb Code     0  entry.o(.ARM.Collect$$$$00000000)
    _main_stk                                0x00000289   Thumb Code     0  entry2.o(.ARM.Collect$$$$00000001)
    _main_scatterload                        0x0000028d   Thumb Code     0  entry5.o(.ARM.Collect$$$$00000004)
    __main_after_scatterload                 0x00000291   Thumb Code     0  entry5.o(.ARM.Collect$$$$00000004)
    _main_clock                              0x00000291   Thumb Code     0  entry7b.o(.ARM.Collect$$$$00000008)
    _main_cpp_init                           0x00000291   Thumb Code     0  entry8b.o(.ARM.Collect$$$$0000000A)
    _main_init                               0x00000291   Thumb Code     0  entry9a.o(.ARM.Collect$$$$0000000B)
    __rt_final_cpp                           0x00000299   Thumb Code     0  entry10a.o(.ARM.Collect$$$$0000000D)
    __rt_final_exit                          0x00000299   Thumb Code     0  entry11a.o(.ARM.Collect$$$$0000000F)
    __aeabi_uldivmod                         0x0000029d   Thumb Code    98  uldiv.o(.text)
    __aeabi_memcpy                           0x000002ff   Thumb Code    36  memcpya.o(.text)
    __aeabi_memcpy4                          0x000002ff   Thumb Code     0  memcpya.o(.text)
    __aeabi_memcpy8                          0x000002ff   Thumb Code     0  memcpya.o(.text)
    __aeabi_memset                           0x00000323   Thumb Code    14  memseta.o(.text)
    __aeabi_memset4                          0x00000323   Thumb Code     0  memseta.o(.text)
    __aeabi_memset8                          0x00000323   Thumb Code     0  memseta.o(.text)
    __aeabi_memclr                           0x00000331   Thumb Code     4  memseta.o(.text)
    __aeabi_memclr4                          0x00000331   Thumb Code     0  memseta.o(.text)
    __aeabi_memclr8                          0x00000331   Thumb Code     0  memseta.o(.text)
    _memset$wrapper                          0x00000335   Thumb Code    18  memseta.o(.text)
    strcat                                   0x00000347   Thumb Code    24  strcat.o(.text)
    strncpy                                  0x0000035f   Thumb Code    24  strncpy.o(.text)
    strlen                                   0x00000377   Thumb Code    14  strlen.o(.text)
    strcmp                                   0x00000385   Thumb Code    28  strcmp.o(.text)
    strcpy                                   0x000003a1   Thumb Code    18  strcpy.o(.text)
    strtoull                                 0x000003b3   Thumb Code     4  strtoull.o(.text)
    atoi                                     0x000003b7   Thumb Code    26  atoi.o(.text)
    __aeabi_dadd                             0x000003d1   Thumb Code   322  dadd.o(.text)
    __aeabi_dsub                             0x00000513   Thumb Code     6  dadd.o(.text)
    __aeabi_drsub                            0x00000519   Thumb Code     6  dadd.o(.text)
    __aeabi_dmul                             0x0000051f   Thumb Code   228  dmul.o(.text)
    __aeabi_ddiv                             0x00000603   Thumb Code   222  ddiv.o(.text)
    __aeabi_i2d                              0x000006e1   Thumb Code    34  dflti.o(.text)
    __aeabi_d2iz                             0x00000703   Thumb Code    62  dfixi.o(.text)
    __aeabi_d2ulz                            0x00000741   Thumb Code    48  dfixul.o(.text)
    __aeabi_f2d                              0x00000771   Thumb Code    38  f2d.o(.text)
    __aeabi_cdcmpeq                          0x00000799   Thumb Code     0  cdcmple.o(.text)
    __aeabi_cdcmple                          0x00000799   Thumb Code    38  cdcmple.o(.text)
    __aeabi_cdrcmple                         0x000007c1   Thumb Code    38  cdrcmple.o(.text)
    __aeabi_d2f                              0x000007e9   Thumb Code    56  d2f.o(.text)
    __aeabi_uidiv                            0x00000821   Thumb Code     0  uidiv.o(.text)
    __aeabi_uidivmod                         0x00000821   Thumb Code    44  uidiv.o(.text)
    __aeabi_llsl                             0x0000084d   Thumb Code    30  llshl.o(.text)
    _ll_shift_l                              0x0000084d   Thumb Code     0  llshl.o(.text)
    __aeabi_llsr                             0x0000086b   Thumb Code    32  llushr.o(.text)
    _ll_ushift_r                             0x0000086b   Thumb Code     0  llushr.o(.text)
    __aeabi_lasr                             0x0000088b   Thumb Code    36  llsshr.o(.text)
    _ll_sshift_r                             0x0000088b   Thumb Code     0  llsshr.o(.text)
    strtol                                   0x000008af   Thumb Code   112  strtol.o(.text)
    __strtoull                               0x0000091f   Thumb Code   124  __strtoull.o(.text)
    __I$use$fp                               0x0000099b   Thumb Code     0  iusefp.o(.text)
    _float_round                             0x0000099b   Thumb Code    18  fepilogue.o(.text)
    _float_epilogue                          0x000009ad   Thumb Code    90  fepilogue.o(.text)
    _double_round                            0x00000a07   Thumb Code    26  depilogue.o(.text)
    _double_epilogue                         0x00000a21   Thumb Code   164  depilogue.o(.text)
    __scatterload                            0x00000ac5   Thumb Code    28  init.o(.text)
    __scatterload_rt2                        0x00000ac5   Thumb Code     0  init.o(.text)
    __rt_ctype_table                         0x00000ae9   Thumb Code     4  ctype_o.o(.text)
    _strtoul                                 0x00000af1   Thumb Code   158  _strtoul.o(.text)
    _strtoull                                0x00000b8f   Thumb Code   192  _strtoull.o(.text)
    _chval                                   0x00000c4f   Thumb Code    28  _chval.o(.text)
    __decompress                             0x00000c6b   Thumb Code     0  __dczerorl2.o(.text)
    __decompress1                            0x00000c6b   Thumb Code    92  __dczerorl2.o(.text)
    ButtonsInit                              0x00000cc9   Thumb Code    44  buttons.o(i.ButtonsInit)
    ButtonsPoll                              0x00000d01   Thumb Code   146  buttons.o(i.ButtonsPoll)
    CFAL96x64x16Init                         0x00000dc1   Thumb Code   396  cfal96x64x16.o(i.CFAL96x64x16Init)
    CmdLineProcess                           0x00001309   Thumb Code   114  cmdline.o(i.CmdLineProcess)
    Cmd_cat                                  0x00001385   Thumb Code   142  sd_card.o(i.Cmd_cat)
    Cmd_cd                                   0x00001451   Thumb Code   198  sd_card.o(i.Cmd_cd)
    Cmd_help                                 0x00001559   Thumb Code    42  sd_card.o(i.Cmd_help)
    Cmd_ls                                   0x000015c1   Thumb Code   336  sd_card.o(i.Cmd_ls)
    Cmd_pwd                                  0x00001791   Thumb Code    18  sd_card.o(i.Cmd_pwd)
    Cmd_return                               0x000017ad   Thumb Code    12  sd_card.o(i.Cmd_return)
    FatFsTickTimer                           0x000017d3   Thumb Code    10  sd_card.o(i.FatFsTickTimer)
    GPIODirModeSet                           0x000017dd   Thumb Code    40  gpio.o(i.GPIODirModeSet)
    GPIOIntClear                             0x00001805   Thumb Code     6  gpio.o(i.GPIOIntClear)
    GPIOIntEnable                            0x0000180b   Thumb Code    14  gpio.o(i.GPIOIntEnable)
    GPIOIntTypeSet                           0x00001819   Thumb Code    80  gpio.o(i.GPIOIntTypeSet)
    GPIOPadConfigSet                         0x00001869   Thumb Code   318  gpio.o(i.GPIOPadConfigSet)
    GPIOPinRead                              0x000019a7   Thumb Code     6  gpio.o(i.GPIOPinRead)
    GPIOPinTypeGPIOInput                     0x000019ad   Thumb Code    28  gpio.o(i.GPIOPinTypeGPIOInput)
    GPSFix                                   0x000019c9   Thumb Code   152  gps_fona.o(i.GPSFix)
    GPSGetData                               0x00001aa1   Thumb Code   118  gps_fona.o(i.GPSGetData)
    GPSParseLat                              0x00001b21   Thumb Code   164  gps_fona.o(i.GPSParseLat)
    GPSParseLong                             0x00001bd5   Thumb Code   164  gps_fona.o(i.GPSParseLong)
    GPSParseSpeed                            0x00001c89   Thumb Code    82  gps_fona.o(i.GPSParseSpeed)
    GPSPower                                 0x00001ced   Thumb Code   114  gps_fona.o(i.GPSPower)
    GPSPowerOneTry                           0x00001da9   Thumb Code   106  gps_fona.o(i.GPSPowerOneTry)
    GPSSendInf                               0x00001e69   Thumb Code   168  gps_fona.o(i.GPSSendInf)
    GPSWork                                  0x00001f3d   Thumb Code   120  main.o(i.GPSWork)
    GSMFullFunc                              0x00001ffd   Thumb Code   126  gsm_fona808.o(i.GSMFullFunc)
    GSMMinFunc                               0x00002095   Thumb Code   132  gsm_fona808.o(i.GSMMinFunc)
    GSMNetworkReg                            0x00002131   Thumb Code   146  gsm_fona808.o(i.GSMNetworkReg)
    GSMSignalQlty                            0x000021c9   Thumb Code   136  gsm_fona808.o(i.GSMSignalQlty)
    GSMTimerDisable                          0x00002255   Thumb Code    18  gsm_fona808.o(i.GSMTimerDisable)
    GSMTimerEnable                           0x0000226d   Thumb Code    56  gsm_fona808.o(i.GSMTimerEnable)
    GSMWork                                  0x000022ad   Thumb Code   232  main.o(i.GSMWork)
    GrContextFontSet                         0x00002419   Thumb Code     6  string.o(i.GrContextFontSet)
    GrContextInit                            0x00002421   Thumb Code    88  context.o(i.GrContextInit)
    GrDefaultStringRenderer                  0x00002485   Thumb Code   280  string.o(i.GrDefaultStringRenderer)
    GrFontBaselineGet                        0x0000259d   Thumb Code    44  string.o(i.GrFontBaselineGet)
    GrFontGlyphDataGet                       0x000025c9   Thumb Code   166  string.o(i.GrFontGlyphDataGet)
    GrFontGlyphRender                        0x0000266f   Thumb Code   646  string.o(i.GrFontGlyphRender)
    GrImageDraw                              0x000028f5   Thumb Code    24  image.o(i.GrImageDraw)
    GrMapISO8859_1_Unicode                   0x0000290d   Thumb Code     8  charmap.o(i.GrMapISO8859_1_Unicode)
    GrRectFill                               0x00002915   Thumb Code   180  rectangle.o(i.GrRectFill)
    GrStringDraw                             0x000029c9   Thumb Code    32  string.o(i.GrStringDraw)
    GrStringWidthGet                         0x000029e9   Thumb Code   192  string.o(i.GrStringWidthGet)
    HibernateClockConfig                     0x00002aa9   Thumb Code    64  hibernate.o(i.HibernateClockConfig)
    HibernateDataSet                         0x00002af9   Thumb Code    44  hibernate.o(i.HibernateDataSet)
    HibernateEnableExpClk                    0x00002b29   Thumb Code    20  hibernate.o(i.HibernateEnableExpClk)
    HibernateIntClear                        0x00002b41   Thumb Code    18  hibernate.o(i.HibernateIntClear)
    HibernateIntStatus                       0x00002b59   Thumb Code    12  hibernate.o(i.HibernateIntStatus)
    HibernateIsActive                        0x00002b69   Thumb Code    10  hibernate.o(i.HibernateIsActive)
    HibernateRTCEnable                       0x00002b79   Thumb Code    20  hibernate.o(i.HibernateRTCEnable)
    HibernateRTCGet                          0x00002b91   Thumb Code     6  hibernate.o(i.HibernateRTCGet)
    HibernateRTCMatchSet                     0x00002b9d   Thumb Code    14  hibernate.o(i.HibernateRTCMatchSet)
    HibernateRTCSet                          0x00002bb1   Thumb Code    42  hibernate.o(i.HibernateRTCSet)
    HibernateRTCTrimSet                      0x00002be5   Thumb Code    14  hibernate.o(i.HibernateRTCTrimSet)
    HibernateWakeSet                         0x00002bf9   Thumb Code    96  hibernate.o(i.HibernateWakeSet)
    Init_GSM                                 0x00002c65   Thumb Code   302  gsm_fona808.o(i.Init_GSM)
    Init_PortH                               0x00002de1   Thumb Code    56  gsm_fona808.o(i.Init_PortH)
    IntEnable                                0x00002e21   Thumb Code    92  interrupt.o(i.IntEnable)
    PortHIntHandler                          0x00003479   Thumb Code    44  gsm_fona808.o(i.PortHIntHandler)
    SchedulerElapsedTicksCalc                0x000034cb   Thumb Code    20  scheduler.o(i.SchedulerElapsedTicksCalc)
    SchedulerElapsedTicksGet                 0x000034e1   Thumb Code    16  scheduler.o(i.SchedulerElapsedTicksGet)
    SchedulerInit                            0x000034f5   Thumb Code    28  scheduler.o(i.SchedulerInit)
    SchedulerRun                             0x00003511   Thumb Code    56  scheduler.o(i.SchedulerRun)
    SchedulerSysTickIntHandler               0x00003555   Thumb Code    18  scheduler.o(i.SchedulerSysTickIntHandler)
    SimCardDetect                            0x0000356d   Thumb Code   124  gsm_fona808.o(i.SimCardDetect)
    StringFromFResult                        0x0000362d   Thumb Code    36  sd_card.o(i.StringFromFResult)
    SysCtlClockGet                           0x00003669   Thumb Code   250  sysctl.o(i.SysCtlClockGet)
    SysCtlPeripheralEnable                   0x00003775   Thumb Code    36  sysctl.o(i.SysCtlPeripheralEnable)
    SysTickEnable                            0x0000379d   Thumb Code    14  systick.o(i.SysTickEnable)
    SysTickIntEnable                         0x000037ab   Thumb Code    14  systick.o(i.SysTickIntEnable)
    SysTickPeriodSet                         0x000037b9   Thumb Code    10  systick.o(i.SysTickPeriodSet)
    SysTick_Init                             0x000037c3   Thumb Code    24  systick.o(i.SysTick_Init)
    SysTick_Wait                             0x000037db   Thumb Code    32  systick.o(i.SysTick_Wait)
    SysTick_delay_ms                         0x000037fb   Thumb Code    24  systick.o(i.SysTick_delay_ms)
    SysTick_delay_us                         0x00003813   Thumb Code    22  systick.o(i.SysTick_delay_us)
    TIMER0A_Handler                          0x00003829   Thumb Code    42  gsm_fona808.o(i.TIMER0A_Handler)
    TimerClockSourceSet                      0x00003875   Thumb Code     6  timer.o(i.TimerClockSourceSet)
    UART0IntHandler                          0x0000387d   Thumb Code   144  uartconfiguration.o(i.UART0IntHandler)
    UART1IntHandler                          0x00003925   Thumb Code   112  uartconfiguration.o(i.UART1IntHandler)
    UARTCharPut                              0x000039a9   Thumb Code    12  uart.o(i.UARTCharPut)
    UARTCharsAvail                           0x000039b5   Thumb Code    10  uart.o(i.UARTCharsAvail)
    UARTFIFOEnable                           0x000039bf   Thumb Code    10  uart.o(i.UARTFIFOEnable)
    UARTFIFOLevelSet                         0x000039c9   Thumb Code     6  uart.o(i.UARTFIFOLevelSet)
    UARTIntClear                             0x000039cf   Thumb Code     4  uart.o(i.UARTIntClear)
    UARTSend                                 0x000039d3   Thumb Code    42  uartconfiguration.o(i.UARTSend)
    UARTStdioConfig                          0x000039fd   Thumb Code    96  uartstdio.o(i.UARTStdioConfig)
    UARTgets                                 0x00003a69   Thumb Code   138  uartstdio.o(i.UARTgets)
    UARTprintf                               0x00003b05   Thumb Code    26  uartstdio.o(i.UARTprintf)
    UARTvprintf                              0x00003b21   Thumb Code   574  uartstdio.o(i.UARTvprintf)
    UARTwrite                                0x00003d71   Thumb Code    58  uartstdio.o(i.UARTwrite)
    URCfound                                 0x00003db1   Thumb Code    34  gsm_fona808.o(i.URCfound)
    WTimer0IntHandler                        0x00003e49   Thumb Code    94  main.o(i.WTimer0IntHandler)
    WatchdogIntHandler                       0x00003ecd   Thumb Code    24  main.o(i.WatchdogIntHandler)
    __0sprintf                               0x00003ee5   Thumb Code    34  printfa.o(i.__0sprintf)
    __1sprintf                               0x00003ee5   Thumb Code     0  printfa.o(i.__0sprintf)
    __2sprintf                               0x00003ee5   Thumb Code     0  printfa.o(i.__0sprintf)
    __c89sprintf                             0x00003ee5   Thumb Code     0  printfa.o(i.__0sprintf)
    sprintf                                  0x00003ee5   Thumb Code     0  printfa.o(i.__0sprintf)
    __aeabi_errno_addr                       0x00003f0d   Thumb Code     4  errno.o(i.__aeabi_errno_addr)
    __rt_errno_addr                          0x00003f0d   Thumb Code     0  errno.o(i.__aeabi_errno_addr)
    __hardfp_ceil                            0x00003f19   Thumb Code   252  ceil.o(i.__hardfp_ceil)
    __hardfp_floor                           0x00004031   Thumb Code   252  floor.o(i.__hardfp_floor)
    __scatterload_copy                       0x00004149   Thumb Code    14  handlers.o(i.__scatterload_copy)
    __scatterload_null                       0x00004157   Thumb Code     2  handlers.o(i.__scatterload_null)
    __scatterload_zeroinit                   0x00004159   Thumb Code    14  handlers.o(i.__scatterload_zeroinit)
    buttonHandler                            0x00004a15   Thumb Code   152  main.o(i.buttonHandler)
    closeFiles                               0x00004f05   Thumb Code   198  sd_card.o(i.closeFiles)
    clust2sect                               0x0000502d   Thumb Code    26  ff.o(i.clust2sect)
    composeDataMsg                           0x000050d9   Thumb Code    50  main.o(i.composeDataMsg)
    composeMessage                           0x00005129   Thumb Code   326  main.o(i.composeMessage)
    configHibernate                          0x00005305   Thumb Code   112  main.o(i.configHibernate)
    configTimerGSM                           0x0000537d   Thumb Code    96  gsm_fona808.o(i.configTimerGSM)
    configUART                               0x000053e5   Thumb Code   298  uartconfiguration.o(i.configUART)
    configWatchDog                           0x00005531   Thumb Code   114  main.o(i.configWatchDog)
    configWtimer                             0x000055a5   Thumb Code   152  main.o(i.configWtimer)
    disk_initialize                          0x00005e69   Thumb Code   352  mmc-dk-tm4c123g.o(i.disk_initialize)
    disk_ioctl                               0x00005fd5   Thumb Code   420  mmc-dk-tm4c123g.o(i.disk_ioctl)
    disk_read                                0x0000617d   Thumb Code   142  mmc-dk-tm4c123g.o(i.disk_read)
    disk_status                              0x00006215   Thumb Code    14  mmc-dk-tm4c123g.o(i.disk_status)
    disk_timerproc                           0x00006229   Thumb Code    34  mmc-dk-tm4c123g.o(i.disk_timerproc)
    disk_write                               0x00006255   Thumb Code   188  mmc-dk-tm4c123g.o(i.disk_write)
    dispClear                                0x00006319   Thumb Code    78  main.o(i.dispClear)
    dispTitle                                0x00006371   Thumb Code   176  main.o(i.dispTitle)
    dispUpdate                               0x0000642d   Thumb Code  3048  main.o(i.dispUpdate)
    displayInit                              0x00007065   Thumb Code    18  main.o(i.displayInit)
    f_close                                  0x00007081   Thumb Code    22  ff.o(i.f_close)
    f_getfree                                0x00007097   Thumb Code   260  ff.o(i.f_getfree)
    f_lseek                                  0x0000719b   Thumb Code   430  ff.o(i.f_lseek)
    f_mkdir                                  0x00007349   Thumb Code   354  ff.o(i.f_mkdir)
    f_mount                                  0x000074b1   Thumb Code    38  ff.o(i.f_mount)
    f_open                                   0x000074dd   Thumb Code   350  ff.o(i.f_open)
    f_opendir                                0x00007641   Thumb Code   116  ff.o(i.f_opendir)
    f_read                                   0x000076b9   Thumb Code   458  ff.o(i.f_read)
    f_readdir                                0x00007885   Thumb Code    92  ff.o(i.f_readdir)
    f_sync                                   0x000078e5   Thumb Code   174  ff.o(i.f_sync)
    f_write                                  0x00007993   Thumb Code   522  ff.o(i.f_write)
    ff_convert                               0x00007b9d   Thumb Code   150  cc932.o(i.ff_convert)
    ff_wtoupper                              0x00007c39   Thumb Code    46  cc932.o(i.ff_wtoupper)
    flagsSet                                 0x00007cf1   Thumb Code   146  main.o(i.flagsSet)
    float2str                                0x00007d95   Thumb Code   336  strfunc.o(i.float2str)
    fuseDataGPS                              0x00007f97   Thumb Code   110  gps_fona.o(i.fuseDataGPS)
    gen_numname                              0x00008005   Thumb Code   202  ff.o(i.gen_numname)
    getBatstat                               0x000080d1   Thumb Code   190  gsm_fona808.o(i.getBatstat)
    getGPSFix                                0x000081b1   Thumb Code   106  gps_fona.o(i.getGPSFix)
    getGSMFunc                               0x00008291   Thumb Code    58  gsm_fona808.o(i.getGSMFunc)
    getGSMNetworkReg                         0x000082e9   Thumb Code    56  gsm_fona808.o(i.getGSMNetworkReg)
    getGSMSignalQlty                         0x0000833d   Thumb Code    56  gsm_fona808.o(i.getGSMSignalQlty)
    getTime                                  0x0000838d   Thumb Code   236  main.o(i.getTime)
    get_fat                                  0x00008491   Thumb Code   228  ff.o(i.get_fat)
    get_fattime                              0x00008575   Thumb Code     4  mmc-dk-tm4c123g.o(i.get_fattime)
    isGSMOn                                  0x000086b9   Thumb Code    48  gsm_fona808.o(i.isGSMOn)
    logData                                  0x00008719   Thumb Code   172  sd_card.o(i.logData)
    main                                     0x000087e1   Thumb Code   280  main.o(i.main)
    openFile                                 0x000089b9   Thumb Code    48  sd_card.o(i.openFile)
    parseDataGPS                             0x00008a11   Thumb Code    92  gps_fona.o(i.parseDataGPS)
    put_fat                                  0x00008ba5   Thumb Code   316  ff.o(i.put_fat)
    removeInArray                            0x00008d65   Thumb Code    38  strfunc.o(i.removeInArray)
    responseRead                             0x00008df5   Thumb Code    42  uartconfiguration.o(i.responseRead)
    sdCard                                   0x00008e31   Thumb Code   100  sd_card.o(i.sdCard)
    sdInit                                   0x00008f4d   Thumb Code   554  sd_card.o(i.sdInit)
    sendDataCommands                         0x0000925d   Thumb Code   860  gsm_fona808.o(i.sendDataCommands)
    sendDataMsg                              0x00009731   Thumb Code   270  gsm_fona808.o(i.sendDataMsg)
    sendSMS                                  0x0000984d   Thumb Code   304  gsm_fona808.o(i.sendSMS)
    simCardDetectOneTry                      0x00009b3d   Thumb Code    48  gsm_fona808.o(i.simCardDetectOneTry)
    string2float                             0x00009b9d   Thumb Code   138  strfunc.o(i.string2float)
    stringAppend                             0x00009c31   Thumb Code    38  strfunc.o(i.stringAppend)
    stringLength                             0x00009c57   Thumb Code    16  strfunc.o(i.stringLength)
    truncate                                 0x00009da1   Thumb Code    64  strfunc.o(i.truncate)
    ulocaltime                               0x00009e8d   Thumb Code   166  ustdlib.o(i.ulocaltime)
    umktime                                  0x00009f39   Thumb Code    84  ustdlib.o(i.umktime)
    usprintf                                 0x00009f8d   Thumb Code    38  ustdlib.o(i.usprintf)
    ustrcmp                                  0x00009fb3   Thumb Code    20  ustdlib.o(i.ustrcmp)
    ustrlen                                  0x00009fc7   Thumb Code    16  ustdlib.o(i.ustrlen)
    ustrncmp                                 0x00009fd7   Thumb Code    58  ustdlib.o(i.ustrncmp)
    ustrncpy                                 0x0000a011   Thumb Code    42  ustdlib.o(i.ustrncpy)
    ustrstr                                  0x0000a03b   Thumb Code    44  ustdlib.o(i.ustrstr)
    ustrtof                                  0x0000a069   Thumb Code   498  ustdlib.o(i.ustrtof)
    uvsnprintf                               0x0000a269   Thumb Code   694  ustdlib.o(i.uvsnprintf)
    waitAndCheckResp                         0x0000a565   Thumb Code    64  gsm_fona808.o(i.waitAndCheckResp)
    waitForUART1                             0x0000a5ad   Thumb Code    42  gsm_fona808.o(i.waitForUART1)
    writeToFile                              0x0000a609   Thumb Code    42  sd_card.o(i.writeToFile)
    g_sCFAL96x64x16                          0x0000a6c8   Data          40  cfal96x64x16.o(.constdata)
    g_pui8rdsllogo                           0x0000a6f0   Data        3939  main.o(.constdata)
    GSMStats                                 0x0000b730   Data           4  gsm_fona808.o(.constdata)
    GPSData                                  0x0000b8f0   Data           4  gps_fona.o(.constdata)
    GPSStats                                 0x0000b8f4   Data           4  gps_fona.o(.constdata)
    g_psDefaultCodePointMapTable             0x00013334   Data          16  context.o(.constdata)
    g_sFontFixed6x8                          0x0001363c   Data         200  fontfixed6x8.o(.constdata)
    __ctype_table                            0x00013704   Data         129  ctype_o.o(.constdata)
    Region$$Table$$Base                      0x00013998   Number         0  anon$$obj.o(Region$$Table)
    Region$$Table$$Limit                     0x000139b8   Number         0  anon$$obj.o(Region$$Table)
    scroll                                   0x20000018   Data           4  main.o(.data)
    bScrollPressed                           0x2000001c   Data           1  main.o(.data)
    g_psSchedulerTable                       0x20000020   Data          80  main.o(.data)
    g_ui32SchedulerNumTasks                  0x20000070   Data           4  main.o(.data)
    timerCounter                             0x20000074   Data           4  main.o(.data)
    URC                                      0x20000084   Data         352  gsm_fona808.o(.data)
    indexUART                                0x200001e8   Data           8  uartconfiguration.o(.data)
    UARTIntStat                              0x200001f0   Data           2  uartconfiguration.o(.data)
    gstats                                   0x200001f8   Data           8  gps_fona.o(.data)
    sdPeripheralEnable                       0x20000218   Data           1  sd_card.o(.data)
    returnToMain                             0x20000219   Data           1  sd_card.o(.data)
    dirCreated                               0x2000021a   Data           1  sd_card.o(.data)
    g_psFResultStrings                       0x2000026c   Data         160  sd_card.o(.data)
    g_psCmdTable                             0x2000030c   Data         132  sd_card.o(.data)
    bWritten                                 0x20000390   Data           4  sd_card.o(.data)
    bRead                                    0x20000394   Data           4  sd_card.o(.data)
    succStr                                  0x20000398   Data           8  sd_card.o(.data)
    failStr                                  0x200003a0   Data           8  sd_card.o(.data)
    totalStr                                 0x200003a8   Data           8  sd_card.o(.data)
    success                                  0x200003b0   Data           4  sd_card.o(.data)
    failure                                  0x200003b4   Data           4  sd_card.o(.data)
    total                                    0x200003b8   Data           4  sd_card.o(.data)
    fileRes                                  0x200003bc   Data           4  sd_card.o(.data)
    writeRes                                 0x200003c0   Data           4  sd_card.o(.data)
    logRes                                   0x200003c4   Data           4  sd_card.o(.data)
    msg                                      0x200003d0   Data         256  main.o(.bss)
    URL                                      0x200004d0   Data         256  main.o(.bss)
    g_sContext                               0x200005d0   Data          44  main.o(.bss)
    sFlag                                    0x200005fc   Data          28  main.o(.bss)
    tmstrr                                   0x20000618   Data          10  main.o(.bss)
    stats                                    0x20000624   Data          76  gsm_fona808.o(.bss)
    UARTResponse                             0x20000670   Data         256  uartconfiguration.o(.bss)
    data                                     0x20000770   Data         223  gps_fona.o(.bss)
    wrFile                                   0x20000a74   Data         548  sd_card.o(.bss)
    logFile                                  0x20000c98   Data         548  sd_card.o(.bss)
    wrFileDir                                0x20000ebc   Data          36  sd_card.o(.bss)
    wrFilepath                               0x20000ee0   Data         128  sd_card.o(.bss)
    logFilepath                              0x20000f60   Data         128  sd_card.o(.bss)
    filepath                                 0x20000fe0   Data         128  sd_card.o(.bss)
    __initial_sp                             0x200035b0   Data           0  startup_rvmdk.o(STACK)



==============================================================================

Memory Map of the image

  Image Entry point : 0x0000026d

  Load Region LR_IROM (Base: 0x00000000, Size: 0x00013d88, Max: 0x00040000, ABSOLUTE, COMPRESSED[0x00013b28])

    Execution Region ER_IROM (Base: 0x00000000, Size: 0x000139b8, Max: 0x00040000, ABSOLUTE)

    Base Addr    Size         Type   Attr      Idx    E Section Name        Object

    0x00000000   0x00000288   Code   RO           97  * RESET               startup_rvmdk.o
    0x00000288   0x00000000   Code   RO         3798  * .ARM.Collect$$$$00000000  mc_w.l(entry.o)
    0x00000288   0x00000004   Code   RO         4131    .ARM.Collect$$$$00000001  mc_w.l(entry2.o)
    0x0000028c   0x00000004   Code   RO         4134    .ARM.Collect$$$$00000004  mc_w.l(entry5.o)
    0x00000290   0x00000000   Code   RO         4136    .ARM.Collect$$$$00000008  mc_w.l(entry7b.o)
    0x00000290   0x00000000   Code   RO         4138    .ARM.Collect$$$$0000000A  mc_w.l(entry8b.o)
    0x00000290   0x00000008   Code   RO         4139    .ARM.Collect$$$$0000000B  mc_w.l(entry9a.o)
    0x00000298   0x00000000   Code   RO         4141    .ARM.Collect$$$$0000000D  mc_w.l(entry10a.o)
    0x00000298   0x00000000   Code   RO         4143    .ARM.Collect$$$$0000000F  mc_w.l(entry11a.o)
    0x00000298   0x00000004   Code   RO         4132    .ARM.Collect$$$$00002712  mc_w.l(entry2.o)
    0x0000029c   0x00000062   Code   RO         3801    .text               mc_w.l(uldiv.o)
    0x000002fe   0x00000024   Code   RO         3803    .text               mc_w.l(memcpya.o)
    0x00000322   0x00000024   Code   RO         3805    .text               mc_w.l(memseta.o)
    0x00000346   0x00000018   Code   RO         3807    .text               mc_w.l(strcat.o)
    0x0000035e   0x00000018   Code   RO         3809    .text               mc_w.l(strncpy.o)
    0x00000376   0x0000000e   Code   RO         3811    .text               mc_w.l(strlen.o)
    0x00000384   0x0000001c   Code   RO         3813    .text               mc_w.l(strcmp.o)
    0x000003a0   0x00000012   Code   RO         3815    .text               mc_w.l(strcpy.o)
    0x000003b2   0x00000004   Code   RO         4080    .text               mc_w.l(strtoull.o)
    0x000003b6   0x0000001a   Code   RO         4082    .text               mc_w.l(atoi.o)
    0x000003d0   0x0000014e   Code   RO         4084    .text               mf_w.l(dadd.o)
    0x0000051e   0x000000e4   Code   RO         4086    .text               mf_w.l(dmul.o)
    0x00000602   0x000000de   Code   RO         4088    .text               mf_w.l(ddiv.o)
    0x000006e0   0x00000022   Code   RO         4090    .text               mf_w.l(dflti.o)
    0x00000702   0x0000003e   Code   RO         4094    .text               mf_w.l(dfixi.o)
    0x00000740   0x00000030   Code   RO         4096    .text               mf_w.l(dfixul.o)
    0x00000770   0x00000026   Code   RO         4098    .text               mf_w.l(f2d.o)
    0x00000796   0x00000002   PAD
    0x00000798   0x00000028   Code   RO         4100    .text               mf_w.l(cdcmple.o)
    0x000007c0   0x00000028   Code   RO         4102    .text               mf_w.l(cdrcmple.o)
    0x000007e8   0x00000038   Code   RO         4104    .text               mf_w.l(d2f.o)
    0x00000820   0x0000002c   Code   RO         4148    .text               mc_w.l(uidiv.o)
    0x0000084c   0x0000001e   Code   RO         4150    .text               mc_w.l(llshl.o)
    0x0000086a   0x00000020   Code   RO         4152    .text               mc_w.l(llushr.o)
    0x0000088a   0x00000024   Code   RO         4154    .text               mc_w.l(llsshr.o)
    0x000008ae   0x00000070   Code   RO         4163    .text               mc_w.l(strtol.o)
    0x0000091e   0x0000007c   Code   RO         4165    .text               mc_w.l(__strtoull.o)
    0x0000099a   0x00000000   Code   RO         4167    .text               mc_w.l(iusefp.o)
    0x0000099a   0x0000006c   Code   RO         4168    .text               mf_w.l(fepilogue.o)
    0x00000a06   0x000000be   Code   RO         4170    .text               mf_w.l(depilogue.o)
    0x00000ac4   0x00000024   Code   RO         4176    .text               mc_w.l(init.o)
    0x00000ae8   0x00000008   Code   RO         4179    .text               mc_w.l(ctype_o.o)
    0x00000af0   0x0000009e   Code   RO         4207    .text               mc_w.l(_strtoul.o)
    0x00000b8e   0x000000c0   Code   RO         4209    .text               mc_w.l(_strtoull.o)
    0x00000c4e   0x0000001c   Code   RO         4214    .text               mc_w.l(_chval.o)
    0x00000c6a   0x0000005c   Code   RO         4224    .text               mc_w.l(__dczerorl2.o)
    0x00000cc6   0x00000002   PAD
    0x00000cc8   0x00000038   Code   RO          306    i.ButtonsInit       buttons.o
    0x00000d00   0x000000a4   Code   RO          307    i.ButtonsPoll       buttons.o
    0x00000da4   0x00000018   Code   RO            1    i.CFAL96x64x16ColorTranslate  cfal96x64x16.o
    0x00000dbc   0x00000002   Code   RO            2    i.CFAL96x64x16Flush  cfal96x64x16.o
    0x00000dbe   0x00000002   PAD
    0x00000dc0   0x000001b4   Code   RO            3    i.CFAL96x64x16Init  cfal96x64x16.o
    0x00000f74   0x0000008e   Code   RO            4    i.CFAL96x64x16LineDrawH  cfal96x64x16.o
    0x00001002   0x000000ae   Code   RO            5    i.CFAL96x64x16LineDrawV  cfal96x64x16.o
    0x000010b0   0x00000042   Code   RO            6    i.CFAL96x64x16PixelDraw  cfal96x64x16.o
    0x000010f2   0x00000150   Code   RO            7    i.CFAL96x64x16PixelDrawMultiple  cfal96x64x16.o
    0x00001242   0x0000002c   Code   RO            8    i.CFAL96x64x16RectFill  cfal96x64x16.o
    0x0000126e   0x00000002   PAD
    0x00001270   0x0000004c   Code   RO            9    i.CFAL96x64x16WriteCommand  cfal96x64x16.o
    0x000012bc   0x0000004c   Code   RO           10    i.CFAL96x64x16WriteData  cfal96x64x16.o
    0x00001308   0x0000007c   Code   RO         1415    i.CmdLineProcess    cmdline.o
    0x00001384   0x000000cc   Code   RO         1529    i.Cmd_cat           sd_card.o
    0x00001450   0x00000108   Code   RO         1530    i.Cmd_cd            sd_card.o
    0x00001558   0x00000068   Code   RO         1531    i.Cmd_help          sd_card.o
    0x000015c0   0x000001d0   Code   RO         1532    i.Cmd_ls            sd_card.o
    0x00001790   0x0000001c   Code   RO         1533    i.Cmd_pwd           sd_card.o
    0x000017ac   0x00000010   Code   RO         1534    i.Cmd_return        sd_card.o
    0x000017bc   0x00000016   Code   RO          996    i.DESELECT          mmc-dk-tm4c123g.o
    0x000017d2   0x0000000a   Code   RO         1535    i.FatFsTickTimer    sd_card.o
    0x000017dc   0x00000028   Code   RO         1642    i.GPIODirModeSet    driverlib.lib(gpio.o)
    0x00001804   0x00000006   Code   RO         1643    i.GPIOIntClear      driverlib.lib(gpio.o)
    0x0000180a   0x0000000e   Code   RO         1645    i.GPIOIntEnable     driverlib.lib(gpio.o)
    0x00001818   0x00000050   Code   RO         1649    i.GPIOIntTypeSet    driverlib.lib(gpio.o)
    0x00001868   0x0000013e   Code   RO         1652    i.GPIOPadConfigSet  driverlib.lib(gpio.o)
    0x000019a6   0x00000006   Code   RO         1654    i.GPIOPinRead       driverlib.lib(gpio.o)
    0x000019ac   0x0000001c   Code   RO         1663    i.GPIOPinTypeGPIOInput  driverlib.lib(gpio.o)
    0x000019c8   0x000000d8   Code   RO          912    i.GPSFix            gps_fona.o
    0x00001aa0   0x00000080   Code   RO          913    i.GPSGetData        gps_fona.o
    0x00001b20   0x000000b4   Code   RO          914    i.GPSParseLat       gps_fona.o
    0x00001bd4   0x000000b4   Code   RO          915    i.GPSParseLong      gps_fona.o
    0x00001c88   0x00000064   Code   RO          916    i.GPSParseSpeed     gps_fona.o
    0x00001cec   0x000000bc   Code   RO          917    i.GPSPower          gps_fona.o
    0x00001da8   0x000000c0   Code   RO          918    i.GPSPowerOneTry    gps_fona.o
    0x00001e68   0x000000d4   Code   RO          919    i.GPSSendInf        gps_fona.o
    0x00001f3c   0x000000c0   Code   RO          102    i.GPSWork           main.o
    0x00001ffc   0x00000098   Code   RO          335    i.GSMFullFunc       gsm_fona808.o
    0x00002094   0x0000009c   Code   RO          336    i.GSMMinFunc        gsm_fona808.o
    0x00002130   0x00000098   Code   RO          337    i.GSMNetworkReg     gsm_fona808.o
    0x000021c8   0x0000008c   Code   RO          339    i.GSMSignalQlty     gsm_fona808.o
    0x00002254   0x00000018   Code   RO          340    i.GSMTimerDisable   gsm_fona808.o
    0x0000226c   0x00000040   Code   RO          341    i.GSMTimerEnable    gsm_fona808.o
    0x000022ac   0x0000016c   Code   RO          103    i.GSMWork           main.o
    0x00002418   0x00000006   Code   RO         3457    i.GrContextFontSet  grlib.lib(string.o)
    0x0000241e   0x00000002   PAD
    0x00002420   0x00000064   Code   RO         3345    i.GrContextInit     grlib.lib(context.o)
    0x00002484   0x00000118   Code   RO         3458    i.GrDefaultStringRenderer  grlib.lib(string.o)
    0x0000259c   0x0000002c   Code   RO         3459    i.GrFontBaselineGet  grlib.lib(string.o)
    0x000025c8   0x000000a6   Code   RO         3462    i.GrFontGlyphDataGet  grlib.lib(string.o)
    0x0000266e   0x00000286   Code   RO         3463    i.GrFontGlyphRender  grlib.lib(string.o)
    0x000028f4   0x00000018   Code   RO         3393    i.GrImageDraw       grlib.lib(image.o)
    0x0000290c   0x00000008   Code   RO         3597    i.GrMapISO8859_1_Unicode  grlib.lib(charmap.o)
    0x00002914   0x000000b4   Code   RO         3427    i.GrRectFill        grlib.lib(rectangle.o)
    0x000029c8   0x00000020   Code   RO         3469    i.GrStringDraw      grlib.lib(string.o)
    0x000029e8   0x000000c0   Code   RO         3474    i.GrStringWidthGet  grlib.lib(string.o)
    0x00002aa8   0x00000050   Code   RO         1969    i.HibernateClockConfig  driverlib.lib(hibernate.o)
    0x00002af8   0x00000030   Code   RO         1972    i.HibernateDataSet  driverlib.lib(hibernate.o)
    0x00002b28   0x00000018   Code   RO         1974    i.HibernateEnableExpClk  driverlib.lib(hibernate.o)
    0x00002b40   0x00000018   Code   RO         1978    i.HibernateIntClear  driverlib.lib(hibernate.o)
    0x00002b58   0x00000010   Code   RO         1982    i.HibernateIntStatus  driverlib.lib(hibernate.o)
    0x00002b68   0x00000010   Code   RO         1984    i.HibernateIsActive  driverlib.lib(hibernate.o)
    0x00002b78   0x00000018   Code   RO         1988    i.HibernateRTCEnable  driverlib.lib(hibernate.o)
    0x00002b90   0x0000000c   Code   RO         1989    i.HibernateRTCGet   driverlib.lib(hibernate.o)
    0x00002b9c   0x00000014   Code   RO         1991    i.HibernateRTCMatchSet  driverlib.lib(hibernate.o)
    0x00002bb0   0x00000034   Code   RO         1995    i.HibernateRTCSet   driverlib.lib(hibernate.o)
    0x00002be4   0x00000014   Code   RO         1997    i.HibernateRTCTrimSet  driverlib.lib(hibernate.o)
    0x00002bf8   0x0000006c   Code   RO         2013    i.HibernateWakeSet  driverlib.lib(hibernate.o)
    0x00002c64   0x0000017c   Code   RO          342    i.Init_GSM          gsm_fona808.o
    0x00002de0   0x00000040   Code   RO          343    i.Init_PortH        gsm_fona808.o
    0x00002e20   0x00000064   Code   RO         2290    i.IntEnable         driverlib.lib(interrupt.o)
    0x00002e84   0x0000036c   Code   RO         3395    i.InternalImageDraw  grlib.lib(image.o)
    0x000031f0   0x00000286   Code   RO         3396    i.PixelTransparentDraw  grlib.lib(image.o)
    0x00003476   0x00000002   PAD
    0x00003478   0x0000003c   Code   RO          344    i.PortHIntHandler   gsm_fona808.o
    0x000034b4   0x00000016   Code   RO          997    i.SELECT            mmc-dk-tm4c123g.o
    0x000034ca   0x00000014   Code   RO          735    i.SchedulerElapsedTicksCalc  scheduler.o
    0x000034de   0x00000002   PAD
    0x000034e0   0x00000014   Code   RO          736    i.SchedulerElapsedTicksGet  scheduler.o
    0x000034f4   0x0000001c   Code   RO          737    i.SchedulerInit     scheduler.o
    0x00003510   0x00000044   Code   RO          738    i.SchedulerRun      scheduler.o
    0x00003554   0x00000018   Code   RO          739    i.SchedulerSysTickIntHandler  scheduler.o
    0x0000356c   0x000000c0   Code   RO          345    i.SimCardDetect     gsm_fona808.o
    0x0000362c   0x0000003c   Code   RO         1536    i.StringFromFResult  sd_card.o
    0x00003668   0x0000010c   Code   RO         2410    i.SysCtlClockGet    driverlib.lib(sysctl.o)
    0x00003774   0x00000028   Code   RO         2441    i.SysCtlPeripheralEnable  driverlib.lib(sysctl.o)
    0x0000379c   0x0000000e   Code   RO         2757    i.SysTickEnable     driverlib.lib(systick.o)
    0x000037aa   0x0000000e   Code   RO         2759    i.SysTickIntEnable  driverlib.lib(systick.o)
    0x000037b8   0x0000000a   Code   RO         2763    i.SysTickPeriodSet  driverlib.lib(systick.o)
    0x000037c2   0x00000018   Code   RO          663    i.SysTick_Init      systick.o
    0x000037da   0x00000020   Code   RO          664    i.SysTick_Wait      systick.o
    0x000037fa   0x00000018   Code   RO          665    i.SysTick_delay_ms  systick.o
    0x00003812   0x00000016   Code   RO          666    i.SysTick_delay_us  systick.o
    0x00003828   0x0000004c   Code   RO          346    i.TIMER0A_Handler   gsm_fona808.o
    0x00003874   0x00000006   Code   RO         2822    i.TimerClockSourceSet  driverlib.lib(timer.o)
    0x0000387a   0x00000002   PAD
    0x0000387c   0x000000a8   Code   RO          607    i.UART0IntHandler   uartconfiguration.o
    0x00003924   0x00000084   Code   RO          608    i.UART1IntHandler   uartconfiguration.o
    0x000039a8   0x0000000c   Code   RO         3063    i.UARTCharPut       driverlib.lib(uart.o)
    0x000039b4   0x0000000a   Code   RO         3065    i.UARTCharsAvail    driverlib.lib(uart.o)
    0x000039be   0x0000000a   Code   RO         3077    i.UARTFIFOEnable    driverlib.lib(uart.o)
    0x000039c8   0x00000006   Code   RO         3079    i.UARTFIFOLevelSet  driverlib.lib(uart.o)
    0x000039ce   0x00000004   Code   RO         3082    i.UARTIntClear      driverlib.lib(uart.o)
    0x000039d2   0x0000002a   Code   RO          609    i.UARTSend          uartconfiguration.o
    0x000039fc   0x0000006c   Code   RO         1461    i.UARTStdioConfig   uartstdio.o
    0x00003a68   0x0000009c   Code   RO         1463    i.UARTgets          uartstdio.o
    0x00003b04   0x0000001a   Code   RO         1464    i.UARTprintf        uartstdio.o
    0x00003b1e   0x00000002   PAD
    0x00003b20   0x00000250   Code   RO         1465    i.UARTvprintf       uartstdio.o
    0x00003d70   0x00000040   Code   RO         1466    i.UARTwrite         uartstdio.o
    0x00003db0   0x0000002c   Code   RO          347    i.URCfound          gsm_fona808.o
    0x00003ddc   0x0000006c   Code   RO         3475    i.UpdateContextCharMapping  grlib.lib(string.o)
    0x00003e48   0x00000084   Code   RO          105    i.WTimer0IntHandler  main.o
    0x00003ecc   0x00000018   Code   RO          106    i.WatchdogIntHandler  main.o
    0x00003ee4   0x00000028   Code   RO         4054    i.__0sprintf        mc_w.l(printfa.o)
    0x00003f0c   0x00000008   Code   RO         4156    i.__aeabi_errno_addr  mc_w.l(errno.o)
    0x00003f14   0x00000004   PAD
    0x00003f18   0x00000118   Code   RO         3772    i.__hardfp_ceil     m_wm.l(ceil.o)
    0x00004030   0x00000118   Code   RO         3778    i.__hardfp_floor    m_wm.l(floor.o)
    0x00004148   0x0000000e   Code   RO         4218    i.__scatterload_copy  mc_w.l(handlers.o)
    0x00004156   0x00000002   Code   RO         4219    i.__scatterload_null  mc_w.l(handlers.o)
    0x00004158   0x0000000e   Code   RO         4220    i.__scatterload_zeroinit  mc_w.l(handlers.o)
    0x00004166   0x00000002   PAD
    0x00004168   0x0000015c   Code   RO         4059    i._fp_digits        mc_w.l(printfa.o)
    0x000042c4   0x000006f0   Code   RO         4060    i._printf_core      mc_w.l(printfa.o)
    0x000049b4   0x00000026   Code   RO         4061    i._printf_post_padding  mc_w.l(printfa.o)
    0x000049da   0x00000030   Code   RO         4062    i._printf_pre_padding  mc_w.l(printfa.o)
    0x00004a0a   0x0000000a   Code   RO         4064    i._sputc            mc_w.l(printfa.o)
    0x00004a14   0x000000a4   Code   RO          107    i.buttonHandler     main.o
    0x00004ab8   0x00000090   Code   RO         1127    i.check_fs          ff.o
    0x00004b48   0x00000014   Code   RO         1128    i.chk_chr           ff.o
    0x00004b5c   0x0000039c   Code   RO         1129    i.chk_mounted       ff.o
    0x00004ef8   0x0000000c   Code   RO          998    i.chk_power         mmc-dk-tm4c123g.o
    0x00004f04   0x00000128   Code   RO         1537    i.closeFiles        sd_card.o
    0x0000502c   0x0000001a   Code   RO         1130    i.clust2sect        ff.o
    0x00005046   0x00000002   PAD
    0x00005048   0x00000090   Code   RO         1131    i.cmp_lfn           ff.o
    0x000050d8   0x00000050   Code   RO          108    i.composeDataMsg    main.o
    0x00005128   0x000001dc   Code   RO          109    i.composeMessage    main.o
    0x00005304   0x00000078   Code   RO          110    i.configHibernate   main.o
    0x0000537c   0x00000068   Code   RO          348    i.configTimerGSM    gsm_fona808.o
    0x000053e4   0x0000014c   Code   RO          610    i.configUART        uartconfiguration.o
    0x00005530   0x00000072   Code   RO          111    i.configWatchDog    main.o
    0x000055a2   0x00000002   PAD
    0x000055a4   0x000000a0   Code   RO          112    i.configWtimer      main.o
    0x00005644   0x000000ca   Code   RO         1132    i.create_chain      ff.o
    0x0000570e   0x00000002   PAD
    0x00005710   0x0000027c   Code   RO         1133    i.create_name       ff.o
    0x0000598c   0x00000056   Code   RO         1134    i.dir_alloc         ff.o
    0x000059e2   0x000000de   Code   RO         1135    i.dir_find          ff.o
    0x00005ac0   0x00000110   Code   RO         1136    i.dir_next          ff.o
    0x00005bd0   0x000000c4   Code   RO         1137    i.dir_read          ff.o
    0x00005c94   0x00000136   Code   RO         1138    i.dir_register      ff.o
    0x00005dca   0x0000009c   Code   RO         1140    i.dir_sdi           ff.o
    0x00005e66   0x00000002   PAD
    0x00005e68   0x0000016c   Code   RO          999    i.disk_initialize   mmc-dk-tm4c123g.o
    0x00005fd4   0x000001a8   Code   RO         1000    i.disk_ioctl        mmc-dk-tm4c123g.o
    0x0000617c   0x00000098   Code   RO         1001    i.disk_read         mmc-dk-tm4c123g.o
    0x00006214   0x00000014   Code   RO         1002    i.disk_status       mmc-dk-tm4c123g.o
    0x00006228   0x0000002c   Code   RO         1003    i.disk_timerproc    mmc-dk-tm4c123g.o
    0x00006254   0x000000c4   Code   RO         1004    i.disk_write        mmc-dk-tm4c123g.o
    0x00006318   0x00000058   Code   RO          113    i.dispClear         main.o
    0x00006370   0x000000bc   Code   RO          114    i.dispTitle         main.o
    0x0000642c   0x00000c38   Code   RO          115    i.dispUpdate        main.o
    0x00007064   0x0000001c   Code   RO          116    i.displayInit       main.o
    0x00007080   0x00000016   Code   RO         1142    i.f_close           ff.o
    0x00007096   0x00000104   Code   RO         1143    i.f_getfree         ff.o
    0x0000719a   0x000001ae   Code   RO         1144    i.f_lseek           ff.o
    0x00007348   0x00000168   Code   RO         1145    i.f_mkdir           ff.o
    0x000074b0   0x0000002c   Code   RO         1146    i.f_mount           ff.o
    0x000074dc   0x00000164   Code   RO         1147    i.f_open            ff.o
    0x00007640   0x00000078   Code   RO         1148    i.f_opendir         ff.o
    0x000076b8   0x000001ca   Code   RO         1149    i.f_read            ff.o
    0x00007882   0x00000002   PAD
    0x00007884   0x00000060   Code   RO         1150    i.f_readdir         ff.o
    0x000078e4   0x000000ae   Code   RO         1153    i.f_sync            ff.o
    0x00007992   0x0000020a   Code   RO         1157    i.f_write           ff.o
    0x00007b9c   0x0000009c   Code   RO         1432    i.ff_convert        cc932.o
    0x00007c38   0x00000038   Code   RO         1433    i.ff_wtoupper       cc932.o
    0x00007c70   0x00000080   Code   RO         1158    i.fit_lfn           ff.o
    0x00007cf0   0x000000a4   Code   RO          117    i.flagsSet          main.o
    0x00007d94   0x00000170   Code   RO          528    i.float2str         strfunc.o
    0x00007f04   0x00000092   Code   RO         1159    i.follow_path       ff.o
    0x00007f96   0x0000006e   Code   RO          920    i.fuseDataGPS       gps_fona.o
    0x00008004   0x000000ca   Code   RO         1160    i.gen_numname       ff.o
    0x000080ce   0x00000002   PAD
    0x000080d0   0x000000e0   Code   RO          349    i.getBatstat        gsm_fona808.o
    0x000081b0   0x000000e0   Code   RO          921    i.getGPSFix         gps_fona.o
    0x00008290   0x00000058   Code   RO          350    i.getGSMFunc        gsm_fona808.o
    0x000082e8   0x00000054   Code   RO          351    i.getGSMNetworkReg  gsm_fona808.o
    0x0000833c   0x00000050   Code   RO          352    i.getGSMSignalQlty  gsm_fona808.o
    0x0000838c   0x00000104   Code   RO          118    i.getTime           main.o
    0x00008490   0x000000e4   Code   RO         1161    i.get_fat           ff.o
    0x00008574   0x00000008   Code   RO         1005    i.get_fattime       mmc-dk-tm4c123g.o
    0x0000857c   0x0000013c   Code   RO         1162    i.get_fileinfo      ff.o
    0x000086b8   0x00000040   Code   RO          353    i.isGSMOn           gsm_fona808.o
    0x000086f8   0x00000020   Code   RO         1163    i.ld_clust          ff.o
    0x00008718   0x000000c8   Code   RO         1538    i.logData           sd_card.o
    0x000087e0   0x00000150   Code   RO          120    i.main              main.o
    0x00008930   0x00000026   Code   RO         1164    i.mem_cmp           ff.o
    0x00008956   0x0000001a   Code   RO         1165    i.mem_cpy           ff.o
    0x00008970   0x00000014   Code   RO         1166    i.mem_set           ff.o
    0x00008984   0x00000032   Code   RO         1167    i.move_window       ff.o
    0x000089b6   0x00000002   PAD
    0x000089b8   0x00000058   Code   RO         1539    i.openFile          sd_card.o
    0x00008a10   0x00000060   Code   RO          922    i.parseDataGPS      gps_fona.o
    0x00008a70   0x00000074   Code   RO         1168    i.pick_lfn          ff.o
    0x00008ae4   0x0000000c   Code   RO         1006    i.power_off         mmc-dk-tm4c123g.o
    0x00008af0   0x000000b4   Code   RO         1007    i.power_on          mmc-dk-tm4c123g.o
    0x00008ba4   0x0000013c   Code   RO         1169    i.put_fat           ff.o
    0x00008ce0   0x00000050   Code   RO         1008    i.rcvr_datablock    mmc-dk-tm4c123g.o
    0x00008d30   0x00000028   Code   RO         1009    i.rcvr_spi          mmc-dk-tm4c123g.o
    0x00008d58   0x0000000c   Code   RO         1010    i.rcvr_spi_m        mmc-dk-tm4c123g.o
    0x00008d64   0x00000026   Code   RO          531    i.removeInArray     strfunc.o
    0x00008d8a   0x00000068   Code   RO         1170    i.remove_chain      ff.o
    0x00008df2   0x00000002   PAD
    0x00008df4   0x0000003c   Code   RO          611    i.responseRead      uartconfiguration.o
    0x00008e30   0x0000011c   Code   RO         1540    i.sdCard            sd_card.o
    0x00008f4c   0x00000310   Code   RO         1541    i.sdInit            sd_card.o
    0x0000925c   0x000004d4   Code   RO          354    i.sendDataCommands  gsm_fona808.o
    0x00009730   0x0000011c   Code   RO          355    i.sendDataMsg       gsm_fona808.o
    0x0000984c   0x0000017c   Code   RO          356    i.sendSMS           gsm_fona808.o
    0x000099c8   0x00000070   Code   RO         1011    i.send_cmd          mmc-dk-tm4c123g.o
    0x00009a38   0x00000042   Code   RO         1012    i.send_cmd12        mmc-dk-tm4c123g.o
    0x00009a7a   0x00000002   PAD
    0x00009a7c   0x00000064   Code   RO         1013    i.send_initial_clock_train  mmc-dk-tm4c123g.o
    0x00009ae0   0x0000005c   Code   RO         1014    i.set_max_speed     mmc-dk-tm4c123g.o
    0x00009b3c   0x00000050   Code   RO          357    i.simCardDetectOneTry  gsm_fona808.o
    0x00009b8c   0x00000010   Code   RO         1171    i.st_clust          ff.o
    0x00009b9c   0x00000094   Code   RO          533    i.string2float      strfunc.o
    0x00009c30   0x00000026   Code   RO          534    i.stringAppend      strfunc.o
    0x00009c56   0x00000010   Code   RO          535    i.stringLength      strfunc.o
    0x00009c66   0x00000020   Code   RO         1172    i.sum_sfn           ff.o
    0x00009c86   0x000000c8   Code   RO         1173    i.sync_fs           ff.o
    0x00009d4e   0x00000052   Code   RO         1174    i.sync_window       ff.o
    0x00009da0   0x00000048   Code   RO          537    i.truncate          strfunc.o
    0x00009de8   0x000000a2   Code   RO          801    i.ucmptime          ustdlib.o
    0x00009e8a   0x00000002   PAD
    0x00009e8c   0x000000ac   Code   RO          802    i.ulocaltime        ustdlib.o
    0x00009f38   0x00000054   Code   RO          803    i.umktime           ustdlib.o
    0x00009f8c   0x00000026   Code   RO          806    i.usprintf          ustdlib.o
    0x00009fb2   0x00000014   Code   RO          809    i.ustrcmp           ustdlib.o
    0x00009fc6   0x00000010   Code   RO          810    i.ustrlen           ustdlib.o
    0x00009fd6   0x0000003a   Code   RO          812    i.ustrncmp          ustdlib.o
    0x0000a010   0x0000002a   Code   RO          813    i.ustrncpy          ustdlib.o
    0x0000a03a   0x0000002c   Code   RO          814    i.ustrstr           ustdlib.o
    0x0000a066   0x00000002   PAD
    0x0000a068   0x00000200   Code   RO          815    i.ustrtof           ustdlib.o
    0x0000a268   0x000002c4   Code   RO          817    i.uvsnprintf        ustdlib.o
    0x0000a52c   0x00000036   Code   RO         1175    i.validate          ff.o
    0x0000a562   0x00000002   PAD
    0x0000a564   0x00000048   Code   RO          358    i.waitAndCheckResp  gsm_fona808.o
    0x0000a5ac   0x00000034   Code   RO          359    i.waitForUART1      gsm_fona808.o
    0x0000a5e0   0x00000028   Code   RO         1015    i.wait_ready        mmc-dk-tm4c123g.o
    0x0000a608   0x00000038   Code   RO         1542    i.writeToFile       sd_card.o
    0x0000a640   0x0000005e   Code   RO         1016    i.xmit_datablock    mmc-dk-tm4c123g.o
    0x0000a69e   0x00000002   PAD
    0x0000a6a0   0x00000028   Code   RO         1017    i.xmit_spi          mmc-dk-tm4c123g.o
    0x0000a6c8   0x00000028   Data   RO           11    .constdata          cfal96x64x16.o
    0x0000a6f0   0x00001040   Data   RO          122    .constdata          main.o
    0x0000b730   0x00000174   Data   RO          361    .constdata          gsm_fona808.o
    0x0000b8a4   0x0000004c   Data   RO          818    .constdata          ustdlib.o
    0x0000b8f0   0x00000008   Data   RO          924    .constdata          gps_fona.o
    0x0000b8f8   0x0000000d   Data   RO         1177    .constdata          ff.o
    0x0000b905   0x00000001   PAD
    0x0000b906   0x00007738   Data   RO         1434    .constdata          cc932.o
    0x0001303e   0x00000002   PAD
    0x00013040   0x0000001c   Data   RO         1467    .constdata          uartstdio.o
    0x0001305c   0x0000010c   Data   RO         2306    .constdata          driverlib.lib(interrupt.o)
    0x00013168   0x000001cc   Data   RO         2462    .constdata          driverlib.lib(sysctl.o)
    0x00013334   0x00000010   Data   RO         3347    .constdata          grlib.lib(context.o)
    0x00013344   0x000002f8   Data   RO         3379    .constdata          grlib.lib(fontfixed6x8.o)
    0x0001363c   0x000000c8   Data   RO         3380    .constdata          grlib.lib(fontfixed6x8.o)
    0x00013704   0x00000081   Data   RO         4180    .constdata          mc_w.l(ctype_o.o)
    0x00013785   0x00000003   PAD
    0x00013788   0x00000004   Data   RO         4181    .constdata          mc_w.l(ctype_o.o)
    0x0001378c   0x00000011   Data   RO          819    .conststring        ustdlib.o
    0x0001379d   0x000001fa   Data   RO         1544    .conststring        sd_card.o
    0x00013997   0x00000001   PAD
    0x00013998   0x00000020   Data   RO         4216    Region$$Table       anon$$obj.o


    Execution Region RW_IRAM (Base: 0x20000000, Size: 0x000035b0, Max: 0x00008000, ABSOLUTE, COMPRESSED[0x00000170])

    Base Addr    Size         Type   Attr      Idx    E Section Name        Object

    0x20000000   0x00000013   Data   RW           12    .data               cfal96x64x16.o
    0x20000013   0x00000005   PAD
    0x20000018   0x00000068   Data   RW          123    .data               main.o
    0x20000080   0x00000003   Data   RW          308    .data               buttons.o
    0x20000083   0x00000001   PAD
    0x20000084   0x00000164   Data   RW          362    .data               gsm_fona808.o
    0x200001e8   0x0000000a   Data   RW          613    .data               uartconfiguration.o
    0x200001f2   0x00000002   PAD
    0x200001f4   0x00000004   Data   RW          743    .data               scheduler.o
    0x200001f8   0x00000008   Data   RW          925    .data               gps_fona.o
    0x20000200   0x00000005   Data   RW         1018    .data               mmc-dk-tm4c123g.o
    0x20000205   0x00000003   PAD
    0x20000208   0x00000006   Data   RW         1178    .data               ff.o
    0x2000020e   0x00000002   PAD
    0x20000210   0x00000005   Data   RW         1469    .data               uartstdio.o
    0x20000215   0x00000003   PAD
    0x20000218   0x000001b0   Data   RW         1545    .data               sd_card.o
    0x200003c8   0x00000004   Data   RW         3348    .data               grlib.lib(context.o)
    0x200003cc   0x00000004   Data   RW         4159    .data               mc_w.l(errno.o)
    0x200003d0   0x00000252   Zero   RW          121    .bss                main.o
    0x20000622   0x00000002   PAD
    0x20000624   0x0000004c   Zero   RW          360    .bss                gsm_fona808.o
    0x20000670   0x00000100   Zero   RW          612    .bss                uartconfiguration.o
    0x20000770   0x000000df   Zero   RW          923    .bss                gps_fona.o
    0x2000084f   0x00000001   PAD
    0x20000850   0x00000200   Zero   RW         1176    .bss                ff.o
    0x20000a50   0x00000024   Zero   RW         1416    .bss                cmdline.o
    0x20000a74   0x00000b18   Zero   RW         1543    .bss                sd_card.o
    0x2000158c   0x00000020   Zero   RW         3397    .bss                grlib.lib(image.o)
    0x200015ac   0x00000004   PAD
    0x200015b0   0x00002000   Zero   RW           95    STACK               startup_rvmdk.o


==============================================================================

Image component sizes


      Code (inc. data)   RO Data    RW Data    ZI Data      Debug   Object Name

       220         30          0          3          0       1972   buttons.o
       212         16      30520          0          0       2819   cc932.o
      1376         56         40         19          0      38273   cfal96x64x16.o
       124         10          0          0         36       1533   cmdline.o
      8286         84         13          6        512      43052   ff.o
      1826        450          8          8        223       9152   gps_fona.o
      4252        958        372        356         76      18056   gsm_fona808.o
      6018       1010       4160        104        594      42771   main.o
      2132        118          0          5          0      17837   mmc-dk-tm4c123g.o
       160         22          0          4          0       4100   scheduler.o
      2858        950        506        432       2840      12129   sd_card.o
       648        622          0          0       8192        284   startup_rvmdk.o
       680         50          0          0          0       4068   strfunc.o
       102          0          0          0          0       2144   systick.o
       734         96          0         10        256       8643   uartconfiguration.o
       946         54         28          5          0       5324   uartstdio.o
      1856         34         93          0          0       9857   ustdlib.o

    ----------------------------------------------------------------------
     32464       4560      35776        968      12732     222014   Object Totals
         0          0         32          0          0          0   (incl. Generated)
        34          0          4         16          3          0   (incl. Padding)

    ----------------------------------------------------------------------

      Code (inc. data)   RO Data    RW Data    ZI Data      Debug   Library Member Name

       492          0          0          0          0       3593   gpio.o
       444         84          0          0          0       6635   hibernate.o
       100          8        268          0          0       1324   interrupt.o
       308         22        460          0          0       2882   sysctl.o
        38          0          0          0          0       1218   systick.o
         6          0          0          0          0        438   timer.o
        42          0          0          0          0       2142   uart.o
         8          0          0          0          0       1286   charmap.o
       100         12         16          4          0      26127   context.o
         0          0        960          0          0      25462   fontfixed6x8.o
      1546          4          0          0         32       4526   image.o
       180          0          0          0          0       1310   rectangle.o
      1474          0          0          0          0       8662   string.o
       280         28          0          0          0        156   ceil.o
       280         28          0          0          0        156   floor.o
        92          0          0          0          0          0   __dczerorl2.o
       124          0          0          0          0         92   __strtoull.o
        28          0          0          0          0         68   _chval.o
       158          0          0          0          0         92   _strtoul.o
       192          0          0          0          0         96   _strtoull.o
        26          0          0          0          0         80   atoi.o
         8          4        133          0          0         68   ctype_o.o
         0          0          0          0          0          0   entry.o
         0          0          0          0          0          0   entry10a.o
         0          0          0          0          0          0   entry11a.o
         8          4          0          0          0          0   entry2.o
         4          0          0          0          0          0   entry5.o
         0          0          0          0          0          0   entry7b.o
         0          0          0          0          0          0   entry8b.o
         8          4          0          0          0          0   entry9a.o
         8          4          0          4          0         68   errno.o
        30          0          0          0          0          0   handlers.o
        36          8          0          0          0         68   init.o
         0          0          0          0          0          0   iusefp.o
        30          0          0          0          0         68   llshl.o
        36          0          0          0          0         68   llsshr.o
        32          0          0          0          0         68   llushr.o
        36          0          0          0          0         68   memcpya.o
        36          0          0          0          0        108   memseta.o
      2260         86          0          0          0        512   printfa.o
        24          0          0          0          0         68   strcat.o
        28          0          0          0          0         76   strcmp.o
        18          0          0          0          0         68   strcpy.o
        14          0          0          0          0         68   strlen.o
        24          0          0          0          0         76   strncpy.o
       112          0          0          0          0         88   strtol.o
         4          0          0          0          0         68   strtoull.o
        44          0          0          0          0         80   uidiv.o
        98          0          0          0          0         92   uldiv.o
        40          2          0          0          0         68   cdcmple.o
        40          2          0          0          0         68   cdrcmple.o
        56          0          0          0          0         88   d2f.o
       334          0          0          0          0        148   dadd.o
       222          0          0          0          0        100   ddiv.o
       190          0          0          0          0        176   depilogue.o
        62          0          0          0          0         80   dfixi.o
        48          0          0          0          0         68   dfixul.o
        34          0          0          0          0         76   dflti.o
       228          0          0          0          0         96   dmul.o
        38          0          0          0          0         68   f2d.o
       108          0          0          0          0        168   fepilogue.o

    ----------------------------------------------------------------------
     10232        304       1840          8         36      89329   Library Totals
        16          4          3          0          4          0   (incl. Padding)

    ----------------------------------------------------------------------

      Code (inc. data)   RO Data    RW Data    ZI Data      Debug   Library Name

      1430        114        728          0          0      18232   driverlib.lib
      3308         16        976          4         32      67373   grlib.lib
       560         56          0          0          0        312   m_wm.l
      3518        110        133          4          0       2208   mc_w.l
      1400          4          0          0          0       1204   mf_w.l

    ----------------------------------------------------------------------
     10232        304       1840          8         36      89329   Library Totals

    ----------------------------------------------------------------------

==============================================================================


      Code (inc. data)   RO Data    RW Data    ZI Data      Debug   

     42696       4864      37616        976      12768     287771   Grand Totals
     42696       4864      37616        368      12768     287771   ELF Image Totals (compressed)
     42696       4864      37616        368          0          0   ROM Totals

==============================================================================

    Total RO  Size (Code + RO Data)                80312 (  78.43kB)
    Total RW  Size (RW Data + ZI Data)             13744 (  13.42kB)
    Total ROM Size (Code + RO Data + RW Data)      80680 (  78.79kB)

==============================================================================

